b1:
  in:  {'a': '⊥', 'b': '⊥', 'cond': '⊥', 'c': '⊥', 'd': '⊥', 'one': '⊥'}
  out: {'a': '+', 'b': '-', 'cond': '+', 'c': '⊥', 'd': '⊥', 'one': '⊥'}
left:
  in:  {'a': '+', 'b': '-', 'cond': '+', 'c': '⊥', 'd': '⊥', 'one': '⊥'}
  out: {'a': '+', 'b': '-', 'cond': '+', 'c': 'T', 'd': '-', 'one': '⊥'}
right:
  in:  {'a': '+', 'b': '-', 'cond': '+', 'c': '⊥', 'd': '⊥', 'one': '⊥'}
  out: {'a': '+', 'b': '-', 'cond': '+', 'c': '+', 'd': '⊥', 'one': '+'}
end:
  in:  {'a': '+', 'b': '-', 'cond': '+', 'c': 'T', 'd': '⊥', 'one': '⊥'}
  out: {'a': '+', 'b': '-', 'cond': '+', 'c': 'T', 'd': '⊥', 'one': '⊥'}