@func: int {
.b1:
  n.0: int = const 5;
  ret n.0;
}
@loop(infinite: bool, print: bool) {
.entry:
  jmp .loop.header;
.loop.header:
  v.0: int = phi __undefined v.2 .entry .loop.next;
  br infinite .loop.body .loop.end;
.loop.body:
  br print .loop.print .loop.next;
.loop.print:
  v.1: int = call @func;
  print v.1;
  jmp .loop.next;
.loop.next:
  v.2: int = phi v.0 v.1 .loop.body .loop.print;
  jmp .loop.header;
.loop.end:
  ret;
}
@main {
.b1:
  infinite.0: bool = const false;
  print.0: bool = const true;
  call @loop infinite.0 print.0;
  ret;
}
