@main {
  a: int = const 4;
  b: int = const 2;
  sum1_new0: int = const 6;
  sum2: int = id sum1_new0;
  prod1: int = const 36;
  sum1: int = const 0;
  sum2: int = id sum1;
  sum3: int = id sum1_new0;
  prod2: int = mul prod1;
  print prod1;
}
